---
source: crates/ide/src/semantic_tokens.rs
expression: tokens
---
[
    SemaToken {
        range: 0..33,
        tag: None,
        mods: SemaTokenModifier(
            0x0,
        ),
    },
    SemaToken {
        range: 33..41,
        tag: Type,
        mods: SemaTokenModifier(
            DECL | DEF,
        ),
    },
    SemaToken {
        range: 41..44,
        tag: None,
        mods: SemaTokenModifier(
            0x0,
        ),
    },
    SemaToken {
        range: 44..52,
        tag: Type,
        mods: SemaTokenModifier(
            REF,
        ),
    },
    SemaToken {
        range: 52..57,
        tag: None,
        mods: SemaTokenModifier(
            0x0,
        ),
    },
    SemaToken {
        range: 57..65,
        tag: Type,
        mods: SemaTokenModifier(
            REF,
        ),
    },
    SemaToken {
        range: 65..81,
        tag: None,
        mods: SemaTokenModifier(
            0x0,
        ),
    },
]
