---
source: crates/ide/src/document_highlight.rs
expression: highlights
---
[
    DocumentHighlight {
        range: 33..41,
        category: ReferenceCategory(
            0x0,
        ),
    },
    DocumentHighlight {
        range: 44..52,
        category: ReferenceCategory(
            0x0,
        ),
    },
    DocumentHighlight {
        range: 57..65,
        category: ReferenceCategory(
            0x0,
        ),
    },
]
