---
source: crates/ide/src/completion/engine/tests.rs
expression: items
---
[
    CompletionItem {
        label: "px_func",
        kind: Text,
        edit: Some(
            TextEditItem {
                ins: "px_func",
                del: 113..117,
            },
        ),
        snippet_edit: None,
    },
]
