---
source: crates/ide/src/completion/engine/tests.rs
expression: items
---
[
    CompletionItem {
        label: "px_func",
        kind: Snippet,
        edit: Some(
            TextEditItem {
                ins: "px_func()",
                del: 113..117,
            },
        ),
        snippet_edit: Some(
            TextEditItem {
                ins: "px_func(${1:args})",
                del: 113..117,
            },
        ),
    },
]
