---
source: crates/ide/src/completion/engine/tests.rs
expression: items
---
[
    CompletionItem {
        label: "P8",
        kind: Text,
        edit: Some(
            TextEditItem {
                ins: "P8",
                del: 141..141,
            },
        ),
        snippet_edit: None,
    },
]
