---
source: crates/ide/src/completion/engine/tests.rs
expression: items
---
[
    CompletionItem {
        label: "P4",
        kind: Text,
        edit: Some(
            TextEditItem {
                ins: "P4",
                del: 117..117,
            },
        ),
        snippet_edit: None,
    },
]
