---
source: crates/ide/src/completion/engine/tests.rs
expression: items
---
[
    CompletionItem {
        label: "always",
        kind: Keyword,
        edit: Some(
            TextEditItem {
                ins: "always",
                del: 81..81,
            },
        ),
        snippet_edit: None,
    },
    CompletionItem {
        label: "always",
        kind: Snippet,
        edit: Some(
            TextEditItem {
                ins: "always",
                del: 81..81,
            },
        ),
        snippet_edit: Some(
            TextEditItem {
                ins: "always ${1} begin\n\t${0}\nend",
                del: 81..81,
            },
        ),
    },
    CompletionItem {
        label: "always @(*)",
        kind: Snippet,
        edit: Some(
            TextEditItem {
                ins: "always",
                del: 81..81,
            },
        ),
        snippet_edit: Some(
            TextEditItem {
                ins: "always @(*) begin\n\t${0}\nend",
                del: 81..81,
            },
        ),
    },
    CompletionItem {
        label: "and",
        kind: Keyword,
        edit: Some(
            TextEditItem {
                ins: "and",
                del: 81..81,
            },
        ),
        snippet_edit: None,
    },
    CompletionItem {
        label: "assign",
        kind: Keyword,
        edit: Some(
            TextEditItem {
                ins: "assign",
                del: 81..81,
            },
        ),
        snippet_edit: None,
    },
    CompletionItem {
        label: "assign",
        kind: Snippet,
        edit: Some(
            TextEditItem {
                ins: "assign",
                del: 81..81,
            },
        ),
        snippet_edit: Some(
            TextEditItem {
                ins: "assign ${1:lhs} = ${0:rhs};",
                del: 81..81,
            },
        ),
    },
    CompletionItem {
        label: "automatic",
        kind: Keyword,
        edit: Some(
            TextEditItem {
                ins: "automatic",
                del: 81..81,
            },
        ),
        snippet_edit: None,
    },
    CompletionItem {
        label: "begin",
        kind: Keyword,
        edit: Some(
            TextEditItem {
                ins: "begin",
                del: 81..81,
            },
        ),
        snippet_edit: None,
    },
    CompletionItem {
        label: "begin",
        kind: Snippet,
        edit: Some(
            TextEditItem {
                ins: "begin",
                del: 81..81,
            },
        ),
        snippet_edit: Some(
            TextEditItem {
                ins: "begin\n\t${0}\nend",
                del: 81..81,
            },
        ),
    },
    CompletionItem {
        label: "buf",
        kind: Keyword,
        edit: Some(
            TextEditItem {
                ins: "buf",
                del: 81..81,
            },
        ),
        snippet_edit: None,
    },
    CompletionItem {
        label: "bufif0",
        kind: Keyword,
        edit: Some(
            TextEditItem {
                ins: "bufif0",
                del: 81..81,
            },
        ),
        snippet_edit: None,
    },
    CompletionItem {
        label: "bufif1",
        kind: Keyword,
        edit: Some(
            TextEditItem {
                ins: "bufif1",
                del: 81..81,
            },
        ),
        snippet_edit: None,
    },
    CompletionItem {
        label: "case",
        kind: Keyword,
        edit: Some(
            TextEditItem {
                ins: "case",
                del: 81..81,
            },
        ),
        snippet_edit: None,
    },
    CompletionItem {
        label: "case",
        kind: Snippet,
        edit: Some(
            TextEditItem {
                ins: "case",
                del: 81..81,
            },
        ),
        snippet_edit: Some(
            TextEditItem {
                ins: "case (${1:expr})\n\t${2:val}: ${3:stmt};\n\tdefault: ${0:stmt};\nendcase",
                del: 81..81,
            },
        ),
    },
    CompletionItem {
        label: "casex",
        kind: Keyword,
        edit: Some(
            TextEditItem {
                ins: "casex",
                del: 81..81,
            },
        ),
        snippet_edit: None,
    },
    CompletionItem {
        label: "casex",
        kind: Snippet,
        edit: Some(
            TextEditItem {
                ins: "casex",
                del: 81..81,
            },
        ),
        snippet_edit: Some(
            TextEditItem {
                ins: "casex (${1:expr})\n\t${2:val}: ${3:stmt};\n\tdefault: ${0:stmt};\nendcase",
                del: 81..81,
            },
        ),
    },
    CompletionItem {
        label: "casez",
        kind: Keyword,
        edit: Some(
            TextEditItem {
                ins: "casez",
                del: 81..81,
            },
        ),
        snippet_edit: None,
    },
    CompletionItem {
        label: "casez",
        kind: Snippet,
        edit: Some(
            TextEditItem {
                ins: "casez",
                del: 81..81,
            },
        ),
        snippet_edit: Some(
            TextEditItem {
                ins: "casez (${1:expr})\n\t${2:val}: ${3:stmt};\n\tdefault: ${0:stmt};\nendcase",
                del: 81..81,
            },
        ),
    },
    CompletionItem {
        label: "cell",
        kind: Keyword,
        edit: Some(
            TextEditItem {
                ins: "cell",
                del: 81..81,
            },
        ),
        snippet_edit: None,
    },
    CompletionItem {
        label: "cmos",
        kind: Keyword,
        edit: Some(
            TextEditItem {
                ins: "cmos",
                del: 81..81,
            },
        ),
        snippet_edit: None,
    },
    CompletionItem {
        label: "config",
        kind: Keyword,
        edit: Some(
            TextEditItem {
                ins: "config",
                del: 81..81,
            },
        ),
        snippet_edit: None,
    },
    CompletionItem {
        label: "deassign",
        kind: Keyword,
        edit: Some(
            TextEditItem {
                ins: "deassign",
                del: 81..81,
            },
        ),
        snippet_edit: None,
    },
    CompletionItem {
        label: "deassign",
        kind: Snippet,
        edit: Some(
            TextEditItem {
                ins: "deassign",
                del: 81..81,
            },
        ),
        snippet_edit: Some(
            TextEditItem {
                ins: "deassign ${1:lhs};",
                del: 81..81,
            },
        ),
    },
    CompletionItem {
        label: "default",
        kind: Keyword,
        edit: Some(
            TextEditItem {
                ins: "default",
                del: 81..81,
            },
        ),
        snippet_edit: None,
    },
    CompletionItem {
        label: "defparam",
        kind: Keyword,
        edit: Some(
            TextEditItem {
                ins: "defparam",
                del: 81..81,
            },
        ),
        snippet_edit: None,
    },
    CompletionItem {
        label: "defparam",
        kind: Snippet,
        edit: Some(
            TextEditItem {
                ins: "defparam",
                del: 81..81,
            },
        ),
        snippet_edit: Some(
            TextEditItem {
                ins: "defparam ${1:path} = ${2:value};",
                del: 81..81,
            },
        ),
    },
    CompletionItem {
        label: "design",
        kind: Keyword,
        edit: Some(
            TextEditItem {
                ins: "design",
                del: 81..81,
            },
        ),
        snippet_edit: None,
    },
    CompletionItem {
        label: "disable",
        kind: Keyword,
        edit: Some(
            TextEditItem {
                ins: "disable",
                del: 81..81,
            },
        ),
        snippet_edit: None,
    },
    CompletionItem {
        label: "disable",
        kind: Snippet,
        edit: Some(
            TextEditItem {
                ins: "disable",
                del: 81..81,
            },
        ),
        snippet_edit: Some(
            TextEditItem {
                ins: "disable ${1:block};",
                del: 81..81,
            },
        ),
    },
    CompletionItem {
        label: "edge",
        kind: Keyword,
        edit: Some(
            TextEditItem {
                ins: "edge",
                del: 81..81,
            },
        ),
        snippet_edit: None,
    },
    CompletionItem {
        label: "else",
        kind: Keyword,
        edit: Some(
            TextEditItem {
                ins: "else",
                del: 81..81,
            },
        ),
        snippet_edit: None,
    },
    CompletionItem {
        label: "end",
        kind: Keyword,
        edit: Some(
            TextEditItem {
                ins: "end",
                del: 81..81,
            },
        ),
        snippet_edit: None,
    },
    CompletionItem {
        label: "endcase",
        kind: Keyword,
        edit: Some(
            TextEditItem {
                ins: "endcase",
                del: 81..81,
            },
        ),
        snippet_edit: None,
    },
    CompletionItem {
        label: "endconfig",
        kind: Keyword,
        edit: Some(
            TextEditItem {
                ins: "endconfig",
                del: 81..81,
            },
        ),
        snippet_edit: None,
    },
    CompletionItem {
        label: "endfunction",
        kind: Keyword,
        edit: Some(
            TextEditItem {
                ins: "endfunction",
                del: 81..81,
            },
        ),
        snippet_edit: None,
    },
    CompletionItem {
        label: "endgenerate",
        kind: Keyword,
        edit: Some(
            TextEditItem {
                ins: "endgenerate",
                del: 81..81,
            },
        ),
        snippet_edit: None,
    },
    CompletionItem {
        label: "endmodule",
        kind: Keyword,
        edit: Some(
            TextEditItem {
                ins: "endmodule",
                del: 81..81,
            },
        ),
        snippet_edit: None,
    },
    CompletionItem {
        label: "endprimitive",
        kind: Keyword,
        edit: Some(
            TextEditItem {
                ins: "endprimitive",
                del: 81..81,
            },
        ),
        snippet_edit: None,
    },
    CompletionItem {
        label: "endspecify",
        kind: Keyword,
        edit: Some(
            TextEditItem {
                ins: "endspecify",
                del: 81..81,
            },
        ),
        snippet_edit: None,
    },
    CompletionItem {
        label: "endtable",
        kind: Keyword,
        edit: Some(
            TextEditItem {
                ins: "endtable",
                del: 81..81,
            },
        ),
        snippet_edit: None,
    },
    CompletionItem {
        label: "endtask",
        kind: Keyword,
        edit: Some(
            TextEditItem {
                ins: "endtask",
                del: 81..81,
            },
        ),
        snippet_edit: None,
    },
    CompletionItem {
        label: "event",
        kind: Keyword,
        edit: Some(
            TextEditItem {
                ins: "event",
                del: 81..81,
            },
        ),
        snippet_edit: None,
    },
    CompletionItem {
        label: "event",
        kind: Snippet,
        edit: Some(
            TextEditItem {
                ins: "event",
                del: 81..81,
            },
        ),
        snippet_edit: Some(
            TextEditItem {
                ins: "event ${1:name};",
                del: 81..81,
            },
        ),
    },
    CompletionItem {
        label: "for",
        kind: Keyword,
        edit: Some(
            TextEditItem {
                ins: "for",
                del: 81..81,
            },
        ),
        snippet_edit: None,
    },
    CompletionItem {
        label: "for",
        kind: Snippet,
        edit: Some(
            TextEditItem {
                ins: "for",
                del: 81..81,
            },
        ),
        snippet_edit: Some(
            TextEditItem {
                ins: "for (${1:i} = ${2:0}; ${3:i} < ${4:N}; ${5:i} = ${6:i} + 1) begin\n\t${0}\nend",
                del: 81..81,
            },
        ),
    },
    CompletionItem {
        label: "force",
        kind: Keyword,
        edit: Some(
            TextEditItem {
                ins: "force",
                del: 81..81,
            },
        ),
        snippet_edit: None,
    },
    CompletionItem {
        label: "force",
        kind: Snippet,
        edit: Some(
            TextEditItem {
                ins: "force",
                del: 81..81,
            },
        ),
        snippet_edit: Some(
            TextEditItem {
                ins: "force ${1:lhs} = ${0:rhs};",
                del: 81..81,
            },
        ),
    },
    CompletionItem {
        label: "forever",
        kind: Keyword,
        edit: Some(
            TextEditItem {
                ins: "forever",
                del: 81..81,
            },
        ),
        snippet_edit: None,
    },
    CompletionItem {
        label: "forever",
        kind: Snippet,
        edit: Some(
            TextEditItem {
                ins: "forever",
                del: 81..81,
            },
        ),
        snippet_edit: Some(
            TextEditItem {
                ins: "forever begin\n\t${0}\nend",
                del: 81..81,
            },
        ),
    },
    CompletionItem {
        label: "fork",
        kind: Keyword,
        edit: Some(
            TextEditItem {
                ins: "fork",
                del: 81..81,
            },
        ),
        snippet_edit: None,
    },
    CompletionItem {
        label: "fork",
        kind: Snippet,
        edit: Some(
            TextEditItem {
                ins: "fork",
                del: 81..81,
            },
        ),
        snippet_edit: Some(
            TextEditItem {
                ins: "fork\n\t${0}\njoin",
                del: 81..81,
            },
        ),
    },
    CompletionItem {
        label: "function",
        kind: Keyword,
        edit: Some(
            TextEditItem {
                ins: "function",
                del: 81..81,
            },
        ),
        snippet_edit: None,
    },
    CompletionItem {
        label: "function",
        kind: Snippet,
        edit: Some(
            TextEditItem {
                ins: "function",
                del: 81..81,
            },
        ),
        snippet_edit: Some(
            TextEditItem {
                ins: "function ${1:name};\n\t${0}\nendfunction",
                del: 81..81,
            },
        ),
    },
    CompletionItem {
        label: "generate",
        kind: Keyword,
        edit: Some(
            TextEditItem {
                ins: "generate",
                del: 81..81,
            },
        ),
        snippet_edit: None,
    },
    CompletionItem {
        label: "generate",
        kind: Snippet,
        edit: Some(
            TextEditItem {
                ins: "generate",
                del: 81..81,
            },
        ),
        snippet_edit: Some(
            TextEditItem {
                ins: "generate\n\t${0}\nendgenerate",
                del: 81..81,
            },
        ),
    },
    CompletionItem {
        label: "genvar",
        kind: Keyword,
        edit: Some(
            TextEditItem {
                ins: "genvar",
                del: 81..81,
            },
        ),
        snippet_edit: None,
    },
    CompletionItem {
        label: "genvar",
        kind: Snippet,
        edit: Some(
            TextEditItem {
                ins: "genvar",
                del: 81..81,
            },
        ),
        snippet_edit: Some(
            TextEditItem {
                ins: "genvar ${1:i};",
                del: 81..81,
            },
        ),
    },
    CompletionItem {
        label: "highz0",
        kind: Keyword,
        edit: Some(
            TextEditItem {
                ins: "highz0",
                del: 81..81,
            },
        ),
        snippet_edit: None,
    },
    CompletionItem {
        label: "highz1",
        kind: Keyword,
        edit: Some(
            TextEditItem {
                ins: "highz1",
                del: 81..81,
            },
        ),
        snippet_edit: None,
    },
    CompletionItem {
        label: "if",
        kind: Keyword,
        edit: Some(
            TextEditItem {
                ins: "if",
                del: 81..81,
            },
        ),
        snippet_edit: None,
    },
    CompletionItem {
        label: "if",
        kind: Snippet,
        edit: Some(
            TextEditItem {
                ins: "if",
                del: 81..81,
            },
        ),
        snippet_edit: Some(
            TextEditItem {
                ins: "if (${1:cond}) begin\n\t${0}\nend",
                del: 81..81,
            },
        ),
    },
    CompletionItem {
        label: "ifelse",
        kind: Snippet,
        edit: Some(
            TextEditItem {
                ins: "if",
                del: 81..81,
            },
        ),
        snippet_edit: Some(
            TextEditItem {
                ins: "if (${1:cond}) begin\n\t${2}\nend else begin\n\t${0}\nend",
                del: 81..81,
            },
        ),
    },
    CompletionItem {
        label: "ifnone",
        kind: Keyword,
        edit: Some(
            TextEditItem {
                ins: "ifnone",
                del: 81..81,
            },
        ),
        snippet_edit: None,
    },
    CompletionItem {
        label: "incdir",
        kind: Keyword,
        edit: Some(
            TextEditItem {
                ins: "incdir",
                del: 81..81,
            },
        ),
        snippet_edit: None,
    },
    CompletionItem {
        label: "include",
        kind: Keyword,
        edit: Some(
            TextEditItem {
                ins: "include",
                del: 81..81,
            },
        ),
        snippet_edit: None,
    },
    CompletionItem {
        label: "initial",
        kind: Keyword,
        edit: Some(
            TextEditItem {
                ins: "initial",
                del: 81..81,
            },
        ),
        snippet_edit: None,
    },
    CompletionItem {
        label: "initial",
        kind: Snippet,
        edit: Some(
            TextEditItem {
                ins: "initial",
                del: 81..81,
            },
        ),
        snippet_edit: Some(
            TextEditItem {
                ins: "initial begin\n\t${0}\nend",
                del: 81..81,
            },
        ),
    },
    CompletionItem {
        label: "inout",
        kind: Keyword,
        edit: Some(
            TextEditItem {
                ins: "inout",
                del: 81..81,
            },
        ),
        snippet_edit: None,
    },
    CompletionItem {
        label: "input",
        kind: Keyword,
        edit: Some(
            TextEditItem {
                ins: "input",
                del: 81..81,
            },
        ),
        snippet_edit: None,
    },
    CompletionItem {
        label: "instance",
        kind: Keyword,
        edit: Some(
            TextEditItem {
                ins: "instance",
                del: 81..81,
            },
        ),
        snippet_edit: None,
    },
    CompletionItem {
        label: "integer",
        kind: Keyword,
        edit: Some(
            TextEditItem {
                ins: "integer",
                del: 81..81,
            },
        ),
        snippet_edit: None,
    },
    CompletionItem {
        label: "integer",
        kind: Snippet,
        edit: Some(
            TextEditItem {
                ins: "integer",
                del: 81..81,
            },
        ),
        snippet_edit: Some(
            TextEditItem {
                ins: "integer ${1:name};",
                del: 81..81,
            },
        ),
    },
    CompletionItem {
        label: "join",
        kind: Keyword,
        edit: Some(
            TextEditItem {
                ins: "join",
                del: 81..81,
            },
        ),
        snippet_edit: None,
    },
    CompletionItem {
        label: "large",
        kind: Keyword,
        edit: Some(
            TextEditItem {
                ins: "large",
                del: 81..81,
            },
        ),
        snippet_edit: None,
    },
    CompletionItem {
        label: "liblist",
        kind: Keyword,
        edit: Some(
            TextEditItem {
                ins: "liblist",
                del: 81..81,
            },
        ),
        snippet_edit: None,
    },
    CompletionItem {
        label: "library",
        kind: Keyword,
        edit: Some(
            TextEditItem {
                ins: "library",
                del: 81..81,
            },
        ),
        snippet_edit: None,
    },
    CompletionItem {
        label: "localparam",
        kind: Keyword,
        edit: Some(
            TextEditItem {
                ins: "localparam",
                del: 81..81,
            },
        ),
        snippet_edit: None,
    },
    CompletionItem {
        label: "localparam",
        kind: Snippet,
        edit: Some(
            TextEditItem {
                ins: "localparam",
                del: 81..81,
            },
        ),
        snippet_edit: Some(
            TextEditItem {
                ins: "localparam ${1:NAME} = ${2:VALUE};",
                del: 81..81,
            },
        ),
    },
    CompletionItem {
        label: "macromodule",
        kind: Keyword,
        edit: Some(
            TextEditItem {
                ins: "macromodule",
                del: 81..81,
            },
        ),
        snippet_edit: None,
    },
    CompletionItem {
        label: "medium",
        kind: Keyword,
        edit: Some(
            TextEditItem {
                ins: "medium",
                del: 81..81,
            },
        ),
        snippet_edit: None,
    },
    CompletionItem {
        label: "module",
        kind: Keyword,
        edit: Some(
            TextEditItem {
                ins: "module",
                del: 81..81,
            },
        ),
        snippet_edit: None,
    },
    CompletionItem {
        label: "nand",
        kind: Keyword,
        edit: Some(
            TextEditItem {
                ins: "nand",
                del: 81..81,
            },
        ),
        snippet_edit: None,
    },
    CompletionItem {
        label: "negedge",
        kind: Keyword,
        edit: Some(
            TextEditItem {
                ins: "negedge",
                del: 81..81,
            },
        ),
        snippet_edit: None,
    },
    CompletionItem {
        label: "nmos",
        kind: Keyword,
        edit: Some(
            TextEditItem {
                ins: "nmos",
                del: 81..81,
            },
        ),
        snippet_edit: None,
    },
    CompletionItem {
        label: "nor",
        kind: Keyword,
        edit: Some(
            TextEditItem {
                ins: "nor",
                del: 81..81,
            },
        ),
        snippet_edit: None,
    },
    CompletionItem {
        label: "noshowcancelled",
        kind: Keyword,
        edit: Some(
            TextEditItem {
                ins: "noshowcancelled",
                del: 81..81,
            },
        ),
        snippet_edit: None,
    },
    CompletionItem {
        label: "not",
        kind: Keyword,
        edit: Some(
            TextEditItem {
                ins: "not",
                del: 81..81,
            },
        ),
        snippet_edit: None,
    },
    CompletionItem {
        label: "notif0",
        kind: Keyword,
        edit: Some(
            TextEditItem {
                ins: "notif0",
                del: 81..81,
            },
        ),
        snippet_edit: None,
    },
    CompletionItem {
        label: "notif1",
        kind: Keyword,
        edit: Some(
            TextEditItem {
                ins: "notif1",
                del: 81..81,
            },
        ),
        snippet_edit: None,
    },
    CompletionItem {
        label: "or",
        kind: Keyword,
        edit: Some(
            TextEditItem {
                ins: "or",
                del: 81..81,
            },
        ),
        snippet_edit: None,
    },
    CompletionItem {
        label: "output",
        kind: Keyword,
        edit: Some(
            TextEditItem {
                ins: "output",
                del: 81..81,
            },
        ),
        snippet_edit: None,
    },
    CompletionItem {
        label: "parameter",
        kind: Keyword,
        edit: Some(
            TextEditItem {
                ins: "parameter",
                del: 81..81,
            },
        ),
        snippet_edit: None,
    },
    CompletionItem {
        label: "parameter",
        kind: Snippet,
        edit: Some(
            TextEditItem {
                ins: "parameter",
                del: 81..81,
            },
        ),
        snippet_edit: Some(
            TextEditItem {
                ins: "parameter ${1:NAME} = ${2:VALUE};",
                del: 81..81,
            },
        ),
    },
    CompletionItem {
        label: "pmos",
        kind: Keyword,
        edit: Some(
            TextEditItem {
                ins: "pmos",
                del: 81..81,
            },
        ),
        snippet_edit: None,
    },
    CompletionItem {
        label: "posedge",
        kind: Keyword,
        edit: Some(
            TextEditItem {
                ins: "posedge",
                del: 81..81,
            },
        ),
        snippet_edit: None,
    },
    CompletionItem {
        label: "primitive",
        kind: Keyword,
        edit: Some(
            TextEditItem {
                ins: "primitive",
                del: 81..81,
            },
        ),
        snippet_edit: None,
    },
    CompletionItem {
        label: "pull0",
        kind: Keyword,
        edit: Some(
            TextEditItem {
                ins: "pull0",
                del: 81..81,
            },
        ),
        snippet_edit: None,
    },
    CompletionItem {
        label: "pull1",
        kind: Keyword,
        edit: Some(
            TextEditItem {
                ins: "pull1",
                del: 81..81,
            },
        ),
        snippet_edit: None,
    },
    CompletionItem {
        label: "pulldown",
        kind: Keyword,
        edit: Some(
            TextEditItem {
                ins: "pulldown",
                del: 81..81,
            },
        ),
        snippet_edit: None,
    },
    CompletionItem {
        label: "pullup",
        kind: Keyword,
        edit: Some(
            TextEditItem {
                ins: "pullup",
                del: 81..81,
            },
        ),
        snippet_edit: None,
    },
    CompletionItem {
        label: "pulsestyle_ondetect",
        kind: Keyword,
        edit: Some(
            TextEditItem {
                ins: "pulsestyle_ondetect",
                del: 81..81,
            },
        ),
        snippet_edit: None,
    },
    CompletionItem {
        label: "pulsestyle_onevent",
        kind: Keyword,
        edit: Some(
            TextEditItem {
                ins: "pulsestyle_onevent",
                del: 81..81,
            },
        ),
        snippet_edit: None,
    },
    CompletionItem {
        label: "rcmos",
        kind: Keyword,
        edit: Some(
            TextEditItem {
                ins: "rcmos",
                del: 81..81,
            },
        ),
        snippet_edit: None,
    },
    CompletionItem {
        label: "real",
        kind: Keyword,
        edit: Some(
            TextEditItem {
                ins: "real",
                del: 81..81,
            },
        ),
        snippet_edit: None,
    },
    CompletionItem {
        label: "real",
        kind: Snippet,
        edit: Some(
            TextEditItem {
                ins: "real",
                del: 81..81,
            },
        ),
        snippet_edit: Some(
            TextEditItem {
                ins: "real ${1:name};",
                del: 81..81,
            },
        ),
    },
    CompletionItem {
        label: "realtime",
        kind: Keyword,
        edit: Some(
            TextEditItem {
                ins: "realtime",
                del: 81..81,
            },
        ),
        snippet_edit: None,
    },
    CompletionItem {
        label: "realtime",
        kind: Snippet,
        edit: Some(
            TextEditItem {
                ins: "realtime",
                del: 81..81,
            },
        ),
        snippet_edit: Some(
            TextEditItem {
                ins: "realtime ${1:name};",
                del: 81..81,
            },
        ),
    },
    CompletionItem {
        label: "reg",
        kind: Keyword,
        edit: Some(
            TextEditItem {
                ins: "reg",
                del: 81..81,
            },
        ),
        snippet_edit: None,
    },
    CompletionItem {
        label: "reg",
        kind: Snippet,
        edit: Some(
            TextEditItem {
                ins: "reg",
                del: 81..81,
            },
        ),
        snippet_edit: Some(
            TextEditItem {
                ins: "reg ${1:name};",
                del: 81..81,
            },
        ),
    },
    CompletionItem {
        label: "release",
        kind: Keyword,
        edit: Some(
            TextEditItem {
                ins: "release",
                del: 81..81,
            },
        ),
        snippet_edit: None,
    },
    CompletionItem {
        label: "release",
        kind: Snippet,
        edit: Some(
            TextEditItem {
                ins: "release",
                del: 81..81,
            },
        ),
        snippet_edit: Some(
            TextEditItem {
                ins: "release ${1:lhs};",
                del: 81..81,
            },
        ),
    },
    CompletionItem {
        label: "repeat",
        kind: Keyword,
        edit: Some(
            TextEditItem {
                ins: "repeat",
                del: 81..81,
            },
        ),
        snippet_edit: None,
    },
    CompletionItem {
        label: "repeat",
        kind: Snippet,
        edit: Some(
            TextEditItem {
                ins: "repeat",
                del: 81..81,
            },
        ),
        snippet_edit: Some(
            TextEditItem {
                ins: "repeat (${1:N}) begin\n\t${0}\nend",
                del: 81..81,
            },
        ),
    },
    CompletionItem {
        label: "rnmos",
        kind: Keyword,
        edit: Some(
            TextEditItem {
                ins: "rnmos",
                del: 81..81,
            },
        ),
        snippet_edit: None,
    },
    CompletionItem {
        label: "rpmos",
        kind: Keyword,
        edit: Some(
            TextEditItem {
                ins: "rpmos",
                del: 81..81,
            },
        ),
        snippet_edit: None,
    },
    CompletionItem {
        label: "rtran",
        kind: Keyword,
        edit: Some(
            TextEditItem {
                ins: "rtran",
                del: 81..81,
            },
        ),
        snippet_edit: None,
    },
    CompletionItem {
        label: "rtranif0",
        kind: Keyword,
        edit: Some(
            TextEditItem {
                ins: "rtranif0",
                del: 81..81,
            },
        ),
        snippet_edit: None,
    },
    CompletionItem {
        label: "rtranif1",
        kind: Keyword,
        edit: Some(
            TextEditItem {
                ins: "rtranif1",
                del: 81..81,
            },
        ),
        snippet_edit: None,
    },
    CompletionItem {
        label: "scalared",
        kind: Keyword,
        edit: Some(
            TextEditItem {
                ins: "scalared",
                del: 81..81,
            },
        ),
        snippet_edit: None,
    },
    CompletionItem {
        label: "showcancelled",
        kind: Keyword,
        edit: Some(
            TextEditItem {
                ins: "showcancelled",
                del: 81..81,
            },
        ),
        snippet_edit: None,
    },
    CompletionItem {
        label: "signed",
        kind: Keyword,
        edit: Some(
            TextEditItem {
                ins: "signed",
                del: 81..81,
            },
        ),
        snippet_edit: None,
    },
    CompletionItem {
        label: "small",
        kind: Keyword,
        edit: Some(
            TextEditItem {
                ins: "small",
                del: 81..81,
            },
        ),
        snippet_edit: None,
    },
    CompletionItem {
        label: "specify",
        kind: Keyword,
        edit: Some(
            TextEditItem {
                ins: "specify",
                del: 81..81,
            },
        ),
        snippet_edit: None,
    },
    CompletionItem {
        label: "specify",
        kind: Snippet,
        edit: Some(
            TextEditItem {
                ins: "specify",
                del: 81..81,
            },
        ),
        snippet_edit: Some(
            TextEditItem {
                ins: "specify\n\t${0}\nendspecify",
                del: 81..81,
            },
        ),
    },
    CompletionItem {
        label: "specparam",
        kind: Keyword,
        edit: Some(
            TextEditItem {
                ins: "specparam",
                del: 81..81,
            },
        ),
        snippet_edit: None,
    },
    CompletionItem {
        label: "specparam",
        kind: Snippet,
        edit: Some(
            TextEditItem {
                ins: "specparam",
                del: 81..81,
            },
        ),
        snippet_edit: Some(
            TextEditItem {
                ins: "specparam ${1:NAME} = ${2:VALUE};",
                del: 81..81,
            },
        ),
    },
    CompletionItem {
        label: "strong0",
        kind: Keyword,
        edit: Some(
            TextEditItem {
                ins: "strong0",
                del: 81..81,
            },
        ),
        snippet_edit: None,
    },
    CompletionItem {
        label: "strong1",
        kind: Keyword,
        edit: Some(
            TextEditItem {
                ins: "strong1",
                del: 81..81,
            },
        ),
        snippet_edit: None,
    },
    CompletionItem {
        label: "supply0",
        kind: Keyword,
        edit: Some(
            TextEditItem {
                ins: "supply0",
                del: 81..81,
            },
        ),
        snippet_edit: None,
    },
    CompletionItem {
        label: "supply0",
        kind: Snippet,
        edit: Some(
            TextEditItem {
                ins: "supply0",
                del: 81..81,
            },
        ),
        snippet_edit: Some(
            TextEditItem {
                ins: "supply0 ${1:name};",
                del: 81..81,
            },
        ),
    },
    CompletionItem {
        label: "supply1",
        kind: Keyword,
        edit: Some(
            TextEditItem {
                ins: "supply1",
                del: 81..81,
            },
        ),
        snippet_edit: None,
    },
    CompletionItem {
        label: "supply1",
        kind: Snippet,
        edit: Some(
            TextEditItem {
                ins: "supply1",
                del: 81..81,
            },
        ),
        snippet_edit: Some(
            TextEditItem {
                ins: "supply1 ${1:name};",
                del: 81..81,
            },
        ),
    },
    CompletionItem {
        label: "table",
        kind: Keyword,
        edit: Some(
            TextEditItem {
                ins: "table",
                del: 81..81,
            },
        ),
        snippet_edit: None,
    },
    CompletionItem {
        label: "task",
        kind: Keyword,
        edit: Some(
            TextEditItem {
                ins: "task",
                del: 81..81,
            },
        ),
        snippet_edit: None,
    },
    CompletionItem {
        label: "task",
        kind: Snippet,
        edit: Some(
            TextEditItem {
                ins: "task",
                del: 81..81,
            },
        ),
        snippet_edit: Some(
            TextEditItem {
                ins: "task ${1:name};\n\t${0}\nendtask",
                del: 81..81,
            },
        ),
    },
    CompletionItem {
        label: "time",
        kind: Keyword,
        edit: Some(
            TextEditItem {
                ins: "time",
                del: 81..81,
            },
        ),
        snippet_edit: None,
    },
    CompletionItem {
        label: "time",
        kind: Snippet,
        edit: Some(
            TextEditItem {
                ins: "time",
                del: 81..81,
            },
        ),
        snippet_edit: Some(
            TextEditItem {
                ins: "time ${1:name};",
                del: 81..81,
            },
        ),
    },
    CompletionItem {
        label: "tran",
        kind: Keyword,
        edit: Some(
            TextEditItem {
                ins: "tran",
                del: 81..81,
            },
        ),
        snippet_edit: None,
    },
    CompletionItem {
        label: "tranif0",
        kind: Keyword,
        edit: Some(
            TextEditItem {
                ins: "tranif0",
                del: 81..81,
            },
        ),
        snippet_edit: None,
    },
    CompletionItem {
        label: "tranif1",
        kind: Keyword,
        edit: Some(
            TextEditItem {
                ins: "tranif1",
                del: 81..81,
            },
        ),
        snippet_edit: None,
    },
    CompletionItem {
        label: "tri",
        kind: Keyword,
        edit: Some(
            TextEditItem {
                ins: "tri",
                del: 81..81,
            },
        ),
        snippet_edit: None,
    },
    CompletionItem {
        label: "tri",
        kind: Snippet,
        edit: Some(
            TextEditItem {
                ins: "tri",
                del: 81..81,
            },
        ),
        snippet_edit: Some(
            TextEditItem {
                ins: "tri ${1:name};",
                del: 81..81,
            },
        ),
    },
    CompletionItem {
        label: "tri0",
        kind: Keyword,
        edit: Some(
            TextEditItem {
                ins: "tri0",
                del: 81..81,
            },
        ),
        snippet_edit: None,
    },
    CompletionItem {
        label: "tri0",
        kind: Snippet,
        edit: Some(
            TextEditItem {
                ins: "tri0",
                del: 81..81,
            },
        ),
        snippet_edit: Some(
            TextEditItem {
                ins: "tri0 ${1:name};",
                del: 81..81,
            },
        ),
    },
    CompletionItem {
        label: "tri1",
        kind: Keyword,
        edit: Some(
            TextEditItem {
                ins: "tri1",
                del: 81..81,
            },
        ),
        snippet_edit: None,
    },
    CompletionItem {
        label: "tri1",
        kind: Snippet,
        edit: Some(
            TextEditItem {
                ins: "tri1",
                del: 81..81,
            },
        ),
        snippet_edit: Some(
            TextEditItem {
                ins: "tri1 ${1:name};",
                del: 81..81,
            },
        ),
    },
    CompletionItem {
        label: "triand",
        kind: Keyword,
        edit: Some(
            TextEditItem {
                ins: "triand",
                del: 81..81,
            },
        ),
        snippet_edit: None,
    },
    CompletionItem {
        label: "triand",
        kind: Snippet,
        edit: Some(
            TextEditItem {
                ins: "triand",
                del: 81..81,
            },
        ),
        snippet_edit: Some(
            TextEditItem {
                ins: "triand ${1:name};",
                del: 81..81,
            },
        ),
    },
    CompletionItem {
        label: "trior",
        kind: Keyword,
        edit: Some(
            TextEditItem {
                ins: "trior",
                del: 81..81,
            },
        ),
        snippet_edit: None,
    },
    CompletionItem {
        label: "trior",
        kind: Snippet,
        edit: Some(
            TextEditItem {
                ins: "trior",
                del: 81..81,
            },
        ),
        snippet_edit: Some(
            TextEditItem {
                ins: "trior ${1:name};",
                del: 81..81,
            },
        ),
    },
    CompletionItem {
        label: "trireg",
        kind: Keyword,
        edit: Some(
            TextEditItem {
                ins: "trireg",
                del: 81..81,
            },
        ),
        snippet_edit: None,
    },
    CompletionItem {
        label: "trireg",
        kind: Snippet,
        edit: Some(
            TextEditItem {
                ins: "trireg",
                del: 81..81,
            },
        ),
        snippet_edit: Some(
            TextEditItem {
                ins: "trireg ${1:name};",
                del: 81..81,
            },
        ),
    },
    CompletionItem {
        label: "unsigned",
        kind: Keyword,
        edit: Some(
            TextEditItem {
                ins: "unsigned",
                del: 81..81,
            },
        ),
        snippet_edit: None,
    },
    CompletionItem {
        label: "use",
        kind: Keyword,
        edit: Some(
            TextEditItem {
                ins: "use",
                del: 81..81,
            },
        ),
        snippet_edit: None,
    },
    CompletionItem {
        label: "uwire",
        kind: Keyword,
        edit: Some(
            TextEditItem {
                ins: "uwire",
                del: 81..81,
            },
        ),
        snippet_edit: None,
    },
    CompletionItem {
        label: "vectored",
        kind: Keyword,
        edit: Some(
            TextEditItem {
                ins: "vectored",
                del: 81..81,
            },
        ),
        snippet_edit: None,
    },
    CompletionItem {
        label: "wait",
        kind: Keyword,
        edit: Some(
            TextEditItem {
                ins: "wait",
                del: 81..81,
            },
        ),
        snippet_edit: None,
    },
    CompletionItem {
        label: "wait",
        kind: Snippet,
        edit: Some(
            TextEditItem {
                ins: "wait",
                del: 81..81,
            },
        ),
        snippet_edit: Some(
            TextEditItem {
                ins: "wait (${1:cond}) begin\n\t${0}\nend",
                del: 81..81,
            },
        ),
    },
    CompletionItem {
        label: "wand",
        kind: Keyword,
        edit: Some(
            TextEditItem {
                ins: "wand",
                del: 81..81,
            },
        ),
        snippet_edit: None,
    },
    CompletionItem {
        label: "wand",
        kind: Snippet,
        edit: Some(
            TextEditItem {
                ins: "wand",
                del: 81..81,
            },
        ),
        snippet_edit: Some(
            TextEditItem {
                ins: "wand ${1:name};",
                del: 81..81,
            },
        ),
    },
    CompletionItem {
        label: "weak0",
        kind: Keyword,
        edit: Some(
            TextEditItem {
                ins: "weak0",
                del: 81..81,
            },
        ),
        snippet_edit: None,
    },
    CompletionItem {
        label: "weak1",
        kind: Keyword,
        edit: Some(
            TextEditItem {
                ins: "weak1",
                del: 81..81,
            },
        ),
        snippet_edit: None,
    },
    CompletionItem {
        label: "while",
        kind: Keyword,
        edit: Some(
            TextEditItem {
                ins: "while",
                del: 81..81,
            },
        ),
        snippet_edit: None,
    },
    CompletionItem {
        label: "while",
        kind: Snippet,
        edit: Some(
            TextEditItem {
                ins: "while",
                del: 81..81,
            },
        ),
        snippet_edit: Some(
            TextEditItem {
                ins: "while (${1:cond}) begin\n\t${0}\nend",
                del: 81..81,
            },
        ),
    },
    CompletionItem {
        label: "wire",
        kind: Keyword,
        edit: Some(
            TextEditItem {
                ins: "wire",
                del: 81..81,
            },
        ),
        snippet_edit: None,
    },
    CompletionItem {
        label: "wire",
        kind: Snippet,
        edit: Some(
            TextEditItem {
                ins: "wire",
                del: 81..81,
            },
        ),
        snippet_edit: Some(
            TextEditItem {
                ins: "wire ${1:name};",
                del: 81..81,
            },
        ),
    },
    CompletionItem {
        label: "wor",
        kind: Keyword,
        edit: Some(
            TextEditItem {
                ins: "wor",
                del: 81..81,
            },
        ),
        snippet_edit: None,
    },
    CompletionItem {
        label: "wor",
        kind: Snippet,
        edit: Some(
            TextEditItem {
                ins: "wor",
                del: 81..81,
            },
        ),
        snippet_edit: Some(
            TextEditItem {
                ins: "wor ${1:name};",
                del: 81..81,
            },
        ),
    },
    CompletionItem {
        label: "xnor",
        kind: Keyword,
        edit: Some(
            TextEditItem {
                ins: "xnor",
                del: 81..81,
            },
        ),
        snippet_edit: None,
    },
    CompletionItem {
        label: "xor",
        kind: Keyword,
        edit: Some(
            TextEditItem {
                ins: "xor",
                del: 81..81,
            },
        ),
        snippet_edit: None,
    },
    CompletionItem {
        label: "P",
        kind: Text,
        edit: Some(
            TextEditItem {
                ins: "P",
                del: 81..81,
            },
        ),
        snippet_edit: None,
    },
    CompletionItem {
        label: "a",
        kind: Text,
        edit: Some(
            TextEditItem {
                ins: "a",
                del: 81..81,
            },
        ),
        snippet_edit: None,
    },
    CompletionItem {
        label: "b",
        kind: Text,
        edit: Some(
            TextEditItem {
                ins: "b",
                del: 81..81,
            },
        ),
        snippet_edit: None,
    },
    CompletionItem {
        label: "out",
        kind: Text,
        edit: Some(
            TextEditItem {
                ins: "out",
                del: 81..81,
            },
        ),
        snippet_edit: None,
    },
]
